Starting a Gradle Daemon (subsequent builds will be faster)
Download https://maven.minecraftforge.net/org/eclipse/jdt/org.eclipse.jdt.core/maven-metadata.xml
Download https://maven.minecraftforge.net/de/oceanlabs/mcp/mcinjector/3.2-SNAPSHOT/maven-metadata.xml
Download https://maven.minecraftforge.net/net/minecraftforge/srg2source/Srg2Source/3.2-SNAPSHOT/maven-metadata.xml
Download https://maven.minecraftforge.net/org/eclipse/equinox/common/maven-metadata.xml
Download https://maven.minecraftforge.net/org/eclipse/equinox/preferences/maven-metadata.xml
Download https://maven.minecraftforge.net/org/eclipse/equinox/registry/maven-metadata.xml
Download https://maven.minecraftforge.net/org/eclipse/core/runtime/compatibility/maven-metadata.xml
Download https://maven.minecraftforge.net/org/eclipse/core/expressions/maven-metadata.xml
Download https://maven.minecraftforge.net/org/eclipse/core/filesystem/maven-metadata.xml
Download https://maven.minecraftforge.net/org/eclipse/osgi/maven-metadata.xml
Download https://maven.minecraftforge.net/org/eclipse/core/jobs/maven-metadata.xml
Download https://maven.minecraftforge.net/org/eclipse/core/contenttype/maven-metadata.xml
Download https://maven.minecraftforge.net/org/eclipse/equinox/app/maven-metadata.xml
Download https://maven.minecraftforge.net/org/eclipse/core/runtime/maven-metadata.xml
Download https://maven.minecraftforge.net/org/eclipse/update/configurator/maven-metadata.xml
#################################################
         ForgeGradle 1.2.11.dirty        
  https://github.com/MinecraftForge/ForgeGradle  
#################################################
               Powered by MCP unknown               
             http://modcoderpack.com             
         by: Searge, ProfMobius, Fesh0r,         
         R4wk, ZeuX, IngisKahn, bspkrs           
#################################################
:compileApiJava NO-SOURCE
:processApiResources NO-SOURCE
:apiClasses UP-TO-DATE
:sourceMainJava
注意:入力ファイルの操作のうち、未チェックまたは安全ではないものがあります。
注意:詳細は、-Xlint:uncheckedオプションを指定して再コンパイルしてください。
:compileJava
:processResources
:classes
:jar
:compileTestJava NO-SOURCE
:processTestResources NO-SOURCE
:testClasses UP-TO-DATE
:test NO-SOURCE
:extractMcpData UP-TO-DATE
:getVersionJson
:extractUserDev UP-TO-DATE
:genSrgs SKIPPED
:reobf
:assemble
:check UP-TO-DATE
:build

BUILD SUCCESSFUL in 40s
8 actionable tasks: 6 executed, 2 up-to-date
